<html>
<body>
<pre>
<h1>µVision Build Log</h1>
<h2>Project:</h2>
D:\STM32F103C8T6\Appz\DHT11\timer 2.uvproj
Project File Date:  02/04/2020

<h2>Output:</h2>
Build target 'timer 2'
compiling main.c...
linking...
Program Size: Code=7808 RO-data=268 RW-data=40 ZI-data=1632  
FromELF: creating hex file...
".\obj\timer 2.axf" - 0 Errors, 0 Warning(s).
Build target 'timer 2'
linking...
Program Size: Code=7808 RO-data=268 RW-data=40 ZI-data=1632  
FromELF: creating hex file...
".\obj\timer 2.axf" - 0 Errors, 0 Warning(s).
Load "D:\\STM32F103C8T6\\Appz\\DHT11\\obj\\timer 2.axf" 
Erase Done.
Programming Done.
Verify OK.
Application running ...
Build target 'timer 2'
compiling main.c...
linking...
Program Size: Code=7816 RO-data=268 RW-data=40 ZI-data=1632  
FromELF: creating hex file...
".\obj\timer 2.axf" - 0 Errors, 0 Warning(s).
Load "D:\\STM32F103C8T6\\Appz\\DHT11\\obj\\timer 2.axf" 
Erase Done.
Programming Done.
Verify OK.
Application running ...
Build target 'timer 2'
compiling main.c...
linking...
Program Size: Code=7808 RO-data=268 RW-data=40 ZI-data=1632  
FromELF: creating hex file...
".\obj\timer 2.axf" - 0 Errors, 0 Warning(s).
