13:08:50 **** Build of configuration Debug for project STM32-DHT11-LCD ****
make -j8 all 
arm-none-eabi-gcc "../Drivers/STM32F1xx_HAL_Driver/Src/stm32f1xx_hal.c" -mcpu=cortex-m3 -std=gnu11 -g3 -DDEBUG -DUSE_HAL_DRIVER -DSTM32F103xB -c -I../Core/Inc -I../Drivers/STM32F1xx_HAL_Driver/Inc -I../Drivers/STM32F1xx_HAL_Driver/Inc/Legacy -I../Drivers/CMSIS/Device/ST/STM32F1xx/Include -I../Drivers/CMSIS/Include -O0 -ffunction-sections -fdata-sections -Wall -fstack-usage -MMD -MP -MF"Drivers/STM32F1xx_HAL_Driver/Src/stm32f1xx_hal.d" -MT"Drivers/STM32F1xx_HAL_Driver/Src/stm32f1xx_hal.o" --specs=nano.specs -mfloat-abi=soft -mthumb -o "Drivers/STM32F1xx_HAL_Driver/Src/stm32f1xx_hal.o"
arm-none-eabi-gcc "../Drivers/STM32F1xx_HAL_Driver/Src/stm32f1xx_hal_cortex.c" -mcpu=cortex-m3 -std=gnu11 -g3 -DDEBUG -DUSE_HAL_DRIVER -DSTM32F103xB -c -I../Core/Inc -I../Drivers/STM32F1xx_HAL_Driver/Inc -I../Drivers/STM32F1xx_HAL_Driver/Inc/Legacy -I../Drivers/CMSIS/Device/ST/STM32F1xx/Include -I../Drivers/CMSIS/Include -O0 -ffunction-sections -fdata-sections -Wall -fstack-usage -MMD -MP -MF"Drivers/STM32F1xx_HAL_Driver/Src/stm32f1xx_hal_cortex.d" -MT"Drivers/STM32F1xx_HAL_Driver/Src/stm32f1xx_hal_cortex.o" --specs=nano.specs -mfloat-abi=soft -mthumb -o "Drivers/STM32F1xx_HAL_Driver/Src/stm32f1xx_hal_cortex.o"
arm-none-eabi-gcc "../Drivers/STM32F1xx_HAL_Driver/Src/stm32f1xx_hal_dma.c" -mcpu=cortex-m3 -std=gnu11 -g3 -DDEBUG -DUSE_HAL_DRIVER -DSTM32F103xB -c -I../Core/Inc -I../Drivers/STM32F1xx_HAL_Driver/Inc -I../Drivers/STM32F1xx_HAL_Driver/Inc/Legacy -I../Drivers/CMSIS/Device/ST/STM32F1xx/Include -I../Drivers/CMSIS/Include -O0 -ffunction-sections -fdata-sections -Wall -fstack-usage -MMD -MP -MF"Drivers/STM32F1xx_HAL_Driver/Src/stm32f1xx_hal_dma.d" -MT"Drivers/STM32F1xx_HAL_Driver/Src/stm32f1xx_hal_dma.o" --specs=nano.specs -mfloat-abi=soft -mthumb -o "Drivers/STM32F1xx_HAL_Driver/Src/stm32f1xx_hal_dma.o"
arm-none-eabi-gcc "../Drivers/STM32F1xx_HAL_Driver/Src/stm32f1xx_hal_exti.c" -mcpu=cortex-m3 -std=gnu11 -g3 -DDEBUG -DUSE_HAL_DRIVER -DSTM32F103xB -c -I../Core/Inc -I../Drivers/STM32F1xx_HAL_Driver/Inc -I../Drivers/STM32F1xx_HAL_Driver/Inc/Legacy -I../Drivers/CMSIS/Device/ST/STM32F1xx/Include -I../Drivers/CMSIS/Include -O0 -ffunction-sections -fdata-sections -Wall -fstack-usage -MMD -MP -MF"Drivers/STM32F1xx_HAL_Driver/Src/stm32f1xx_hal_exti.d" -MT"Drivers/STM32F1xx_HAL_Driver/Src/stm32f1xx_hal_exti.o" --specs=nano.specs -mfloat-abi=soft -mthumb -o "Drivers/STM32F1xx_HAL_Driver/Src/stm32f1xx_hal_exti.o"
arm-none-eabi-gcc "../Drivers/STM32F1xx_HAL_Driver/Src/stm32f1xx_hal_flash.c" -mcpu=cortex-m3 -std=gnu11 -g3 -DDEBUG -DUSE_HAL_DRIVER -DSTM32F103xB -c -I../Core/Inc -I../Drivers/STM32F1xx_HAL_Driver/Inc -I../Drivers/STM32F1xx_HAL_Driver/Inc/Legacy -I../Drivers/CMSIS/Device/ST/STM32F1xx/Include -I../Drivers/CMSIS/Include -O0 -ffunction-sections -fdata-sections -Wall -fstack-usage -MMD -MP -MF"Drivers/STM32F1xx_HAL_Driver/Src/stm32f1xx_hal_flash.d" -MT"Drivers/STM32F1xx_HAL_Driver/Src/stm32f1xx_hal_flash.o" --specs=nano.specs -mfloat-abi=soft -mthumb -o "Drivers/STM32F1xx_HAL_Driver/Src/stm32f1xx_hal_flash.o"
arm-none-eabi-gcc "../Drivers/STM32F1xx_HAL_Driver/Src/stm32f1xx_hal_flash_ex.c" -mcpu=cortex-m3 -std=gnu11 -g3 -DDEBUG -DUSE_HAL_DRIVER -DSTM32F103xB -c -I../Core/Inc -I../Drivers/STM32F1xx_HAL_Driver/Inc -I../Drivers/STM32F1xx_HAL_Driver/Inc/Legacy -I../Drivers/CMSIS/Device/ST/STM32F1xx/Include -I../Drivers/CMSIS/Include -O0 -ffunction-sections -fdata-sections -Wall -fstack-usage -MMD -MP -MF"Drivers/STM32F1xx_HAL_Driver/Src/stm32f1xx_hal_flash_ex.d" -MT"Drivers/STM32F1xx_HAL_Driver/Src/stm32f1xx_hal_flash_ex.o" --specs=nano.specs -mfloat-abi=soft -mthumb -o "Drivers/STM32F1xx_HAL_Driver/Src/stm32f1xx_hal_flash_ex.o"
arm-none-eabi-gcc "../Drivers/STM32F1xx_HAL_Driver/Src/stm32f1xx_hal_gpio.c" -mcpu=cortex-m3 -std=gnu11 -g3 -DDEBUG -DUSE_HAL_DRIVER -DSTM32F103xB -c -I../Core/Inc -I../Drivers/STM32F1xx_HAL_Driver/Inc -I../Drivers/STM32F1xx_HAL_Driver/Inc/Legacy -I../Drivers/CMSIS/Device/ST/STM32F1xx/Include -I../Drivers/CMSIS/Include -O0 -ffunction-sections -fdata-sections -Wall -fstack-usage -MMD -MP -MF"Drivers/STM32F1xx_HAL_Driver/Src/stm32f1xx_hal_gpio.d" -MT"Drivers/STM32F1xx_HAL_Driver/Src/stm32f1xx_hal_gpio.o" --specs=nano.specs -mfloat-abi=soft -mthumb -o "Drivers/STM32F1xx_HAL_Driver/Src/stm32f1xx_hal_gpio.o"
arm-none-eabi-gcc "../Drivers/STM32F1xx_HAL_Driver/Src/stm32f1xx_hal_gpio_ex.c" -mcpu=cortex-m3 -std=gnu11 -g3 -DDEBUG -DUSE_HAL_DRIVER -DSTM32F103xB -c -I../Core/Inc -I../Drivers/STM32F1xx_HAL_Driver/Inc -I../Drivers/STM32F1xx_HAL_Driver/Inc/Legacy -I../Drivers/CMSIS/Device/ST/STM32F1xx/Include -I../Drivers/CMSIS/Include -O0 -ffunction-sections -fdata-sections -Wall -fstack-usage -MMD -MP -MF"Drivers/STM32F1xx_HAL_Driver/Src/stm32f1xx_hal_gpio_ex.d" -MT"Drivers/STM32F1xx_HAL_Driver/Src/stm32f1xx_hal_gpio_ex.o" --specs=nano.specs -mfloat-abi=soft -mthumb -o "Drivers/STM32F1xx_HAL_Driver/Src/stm32f1xx_hal_gpio_ex.o"
arm-none-eabi-gcc "../Drivers/STM32F1xx_HAL_Driver/Src/stm32f1xx_hal_i2c.c" -mcpu=cortex-m3 -std=gnu11 -g3 -DDEBUG -DUSE_HAL_DRIVER -DSTM32F103xB -c -I../Core/Inc -I../Drivers/STM32F1xx_HAL_Driver/Inc -I../Drivers/STM32F1xx_HAL_Driver/Inc/Legacy -I../Drivers/CMSIS/Device/ST/STM32F1xx/Include -I../Drivers/CMSIS/Include -O0 -ffunction-sections -fdata-sections -Wall -fstack-usage -MMD -MP -MF"Drivers/STM32F1xx_HAL_Driver/Src/stm32f1xx_hal_i2c.d" -MT"Drivers/STM32F1xx_HAL_Driver/Src/stm32f1xx_hal_i2c.o" --specs=nano.specs -mfloat-abi=soft -mthumb -o "Drivers/STM32F1xx_HAL_Driver/Src/stm32f1xx_hal_i2c.o"
arm-none-eabi-gcc "../Drivers/STM32F1xx_HAL_Driver/Src/stm32f1xx_hal_pwr.c" -mcpu=cortex-m3 -std=gnu11 -g3 -DDEBUG -DUSE_HAL_DRIVER -DSTM32F103xB -c -I../Core/Inc -I../Drivers/STM32F1xx_HAL_Driver/Inc -I../Drivers/STM32F1xx_HAL_Driver/Inc/Legacy -I../Drivers/CMSIS/Device/ST/STM32F1xx/Include -I../Drivers/CMSIS/Include -O0 -ffunction-sections -fdata-sections -Wall -fstack-usage -MMD -MP -MF"Drivers/STM32F1xx_HAL_Driver/Src/stm32f1xx_hal_pwr.d" -MT"Drivers/STM32F1xx_HAL_Driver/Src/stm32f1xx_hal_pwr.o" --specs=nano.specs -mfloat-abi=soft -mthumb -o "Drivers/STM32F1xx_HAL_Driver/Src/stm32f1xx_hal_pwr.o"
arm-none-eabi-gcc "../Drivers/STM32F1xx_HAL_Driver/Src/stm32f1xx_hal_rcc.c" -mcpu=cortex-m3 -std=gnu11 -g3 -DDEBUG -DUSE_HAL_DRIVER -DSTM32F103xB -c -I../Core/Inc -I../Drivers/STM32F1xx_HAL_Driver/Inc -I../Drivers/STM32F1xx_HAL_Driver/Inc/Legacy -I../Drivers/CMSIS/Device/ST/STM32F1xx/Include -I../Drivers/CMSIS/Include -O0 -ffunction-sections -fdata-sections -Wall -fstack-usage -MMD -MP -MF"Drivers/STM32F1xx_HAL_Driver/Src/stm32f1xx_hal_rcc.d" -MT"Drivers/STM32F1xx_HAL_Driver/Src/stm32f1xx_hal_rcc.o" --specs=nano.specs -mfloat-abi=soft -mthumb -o "Drivers/STM32F1xx_HAL_Driver/Src/stm32f1xx_hal_rcc.o"
arm-none-eabi-gcc "../Drivers/STM32F1xx_HAL_Driver/Src/stm32f1xx_hal_rcc_ex.c" -mcpu=cortex-m3 -std=gnu11 -g3 -DDEBUG -DUSE_HAL_DRIVER -DSTM32F103xB -c -I../Core/Inc -I../Drivers/STM32F1xx_HAL_Driver/Inc -I../Drivers/STM32F1xx_HAL_Driver/Inc/Legacy -I../Drivers/CMSIS/Device/ST/STM32F1xx/Include -I../Drivers/CMSIS/Include -O0 -ffunction-sections -fdata-sections -Wall -fstack-usage -MMD -MP -MF"Drivers/STM32F1xx_HAL_Driver/Src/stm32f1xx_hal_rcc_ex.d" -MT"Drivers/STM32F1xx_HAL_Driver/Src/stm32f1xx_hal_rcc_ex.o" --specs=nano.specs -mfloat-abi=soft -mthumb -o "Drivers/STM32F1xx_HAL_Driver/Src/stm32f1xx_hal_rcc_ex.o"
arm-none-eabi-gcc "../Drivers/STM32F1xx_HAL_Driver/Src/stm32f1xx_hal_tim.c" -mcpu=cortex-m3 -std=gnu11 -g3 -DDEBUG -DUSE_HAL_DRIVER -DSTM32F103xB -c -I../Core/Inc -I../Drivers/STM32F1xx_HAL_Driver/Inc -I../Drivers/STM32F1xx_HAL_Driver/Inc/Legacy -I../Drivers/CMSIS/Device/ST/STM32F1xx/Include -I../Drivers/CMSIS/Include -O0 -ffunction-sections -fdata-sections -Wall -fstack-usage -MMD -MP -MF"Drivers/STM32F1xx_HAL_Driver/Src/stm32f1xx_hal_tim.d" -MT"Drivers/STM32F1xx_HAL_Driver/Src/stm32f1xx_hal_tim.o" --specs=nano.specs -mfloat-abi=soft -mthumb -o "Drivers/STM32F1xx_HAL_Driver/Src/stm32f1xx_hal_tim.o"
arm-none-eabi-gcc "../Drivers/STM32F1xx_HAL_Driver/Src/stm32f1xx_hal_tim_ex.c" -mcpu=cortex-m3 -std=gnu11 -g3 -DDEBUG -DUSE_HAL_DRIVER -DSTM32F103xB -c -I../Core/Inc -I../Drivers/STM32F1xx_HAL_Driver/Inc -I../Drivers/STM32F1xx_HAL_Driver/Inc/Legacy -I../Drivers/CMSIS/Device/ST/STM32F1xx/Include -I../Drivers/CMSIS/Include -O0 -ffunction-sections -fdata-sections -Wall -fstack-usage -MMD -MP -MF"Drivers/STM32F1xx_HAL_Driver/Src/stm32f1xx_hal_tim_ex.d" -MT"Drivers/STM32F1xx_HAL_Driver/Src/stm32f1xx_hal_tim_ex.o" --specs=nano.specs -mfloat-abi=soft -mthumb -o "Drivers/STM32F1xx_HAL_Driver/Src/stm32f1xx_hal_tim_ex.o"
arm-none-eabi-gcc -mcpu=cortex-m3 -g3 -c -x assembler-with-cpp -MMD -MP -MF"Core/Startup/startup_stm32f103c8tx.d" -MT"Core/Startup/startup_stm32f103c8tx.o" --specs=nano.specs -mfloat-abi=soft -mthumb -o "Core/Startup/startup_stm32f103c8tx.o" "../Core/Startup/startup_stm32f103c8tx.s"
arm-none-eabi-gcc "../Core/Src/main.c" -mcpu=cortex-m3 -std=gnu11 -g3 -DDEBUG -DUSE_HAL_DRIVER -DSTM32F103xB -c -I../Core/Inc -I../Drivers/STM32F1xx_HAL_Driver/Inc -I../Drivers/STM32F1xx_HAL_Driver/Inc/Legacy -I../Drivers/CMSIS/Device/ST/STM32F1xx/Include -I../Drivers/CMSIS/Include -O0 -ffunction-sections -fdata-sections -Wall -fstack-usage -MMD -MP -MF"Core/Src/main.d" -MT"Core/Src/main.o" --specs=nano.specs -mfloat-abi=soft -mthumb -o "Core/Src/main.o"
arm-none-eabi-gcc "../Core/Src/stm32f1xx_hal_msp.c" -mcpu=cortex-m3 -std=gnu11 -g3 -DDEBUG -DUSE_HAL_DRIVER -DSTM32F103xB -c -I../Core/Inc -I../Drivers/STM32F1xx_HAL_Driver/Inc -I../Drivers/STM32F1xx_HAL_Driver/Inc/Legacy -I../Drivers/CMSIS/Device/ST/STM32F1xx/Include -I../Drivers/CMSIS/Include -O0 -ffunction-sections -fdata-sections -Wall -fstack-usage -MMD -MP -MF"Core/Src/stm32f1xx_hal_msp.d" -MT"Core/Src/stm32f1xx_hal_msp.o" --specs=nano.specs -mfloat-abi=soft -mthumb -o "Core/Src/stm32f1xx_hal_msp.o"
../Core/Src/main.c:269:13: warning: 'DHT11_GpioOutput' defined but not used [-Wunused-function]
  269 | static void DHT11_GpioOutput(void)
      |             ^~~~~~~~~~~~~~~~
../Core/Src/main.c:254:13: warning: 'DHT11_GpioInput' defined but not used [-Wunused-function]
  254 | static void DHT11_GpioInput(void)
      |             ^~~~~~~~~~~~~~~
arm-none-eabi-gcc "../Core/Src/stm32f1xx_it.c" -mcpu=cortex-m3 -std=gnu11 -g3 -DDEBUG -DUSE_HAL_DRIVER -DSTM32F103xB -c -I../Core/Inc -I../Drivers/STM32F1xx_HAL_Driver/Inc -I../Drivers/STM32F1xx_HAL_Driver/Inc/Legacy -I../Drivers/CMSIS/Device/ST/STM32F1xx/Include -I../Drivers/CMSIS/Include -O0 -ffunction-sections -fdata-sections -Wall -fstack-usage -MMD -MP -MF"Core/Src/stm32f1xx_it.d" -MT"Core/Src/stm32f1xx_it.o" --specs=nano.specs -mfloat-abi=soft -mthumb -o "Core/Src/stm32f1xx_it.o"
arm-none-eabi-gcc "../Core/Src/syscalls.c" -mcpu=cortex-m3 -std=gnu11 -g3 -DDEBUG -DUSE_HAL_DRIVER -DSTM32F103xB -c -I../Core/Inc -I../Drivers/STM32F1xx_HAL_Driver/Inc -I../Drivers/STM32F1xx_HAL_Driver/Inc/Legacy -I../Drivers/CMSIS/Device/ST/STM32F1xx/Include -I../Drivers/CMSIS/Include -O0 -ffunction-sections -fdata-sections -Wall -fstack-usage -MMD -MP -MF"Core/Src/syscalls.d" -MT"Core/Src/syscalls.o" --specs=nano.specs -mfloat-abi=soft -mthumb -o "Core/Src/syscalls.o"
arm-none-eabi-gcc "../Core/Src/sysmem.c" -mcpu=cortex-m3 -std=gnu11 -g3 -DDEBUG -DUSE_HAL_DRIVER -DSTM32F103xB -c -I../Core/Inc -I../Drivers/STM32F1xx_HAL_Driver/Inc -I../Drivers/STM32F1xx_HAL_Driver/Inc/Legacy -I../Drivers/CMSIS/Device/ST/STM32F1xx/Include -I../Drivers/CMSIS/Include -O0 -ffunction-sections -fdata-sections -Wall -fstack-usage -MMD -MP -MF"Core/Src/sysmem.d" -MT"Core/Src/sysmem.o" --specs=nano.specs -mfloat-abi=soft -mthumb -o "Core/Src/sysmem.o"
arm-none-eabi-gcc "../Core/Src/system_stm32f1xx.c" -mcpu=cortex-m3 -std=gnu11 -g3 -DDEBUG -DUSE_HAL_DRIVER -DSTM32F103xB -c -I../Core/Inc -I../Drivers/STM32F1xx_HAL_Driver/Inc -I../Drivers/STM32F1xx_HAL_Driver/Inc/Legacy -I../Drivers/CMSIS/Device/ST/STM32F1xx/Include -I../Drivers/CMSIS/Include -O0 -ffunction-sections -fdata-sections -Wall -fstack-usage -MMD -MP -MF"Core/Src/system_stm32f1xx.d" -MT"Core/Src/system_stm32f1xx.o" --specs=nano.specs -mfloat-abi=soft -mthumb -o "Core/Src/system_stm32f1xx.o"
arm-none-eabi-gcc -o "STM32-DHT11-LCD.elf" @"objects.list"   -mcpu=cortex-m3 -T"D:\tunaOneDrive\OneDrive - Hanoi University of Science and Technology\tunaOneDriveSync\tunaProjects\Mercenary-projects\STM32-DHT11-LCD\STM32-DHT11-LCD\STM32F103C8TX_FLASH.ld" --specs=nosys.specs -Wl,-Map="STM32-DHT11-LCD.map" -Wl,--gc-sections -static --specs=nano.specs -mfloat-abi=soft -mthumb -Wl,--start-group -lc -lm -Wl,--end-group
Finished building target: STM32-DHT11-LCD.elf
 
arm-none-eabi-size   STM32-DHT11-LCD.elf 
arm-none-eabi-objdump -h -S  STM32-DHT11-LCD.elf  > "STM32-DHT11-LCD.list"
arm-none-eabi-objcopy  -O binary  STM32-DHT11-LCD.elf  "STM32-DHT11-LCD.bin"
   text	   data	    bss	    dec	    hex	filename
   6896	     20	   1724	   8640	   21c0	STM32-DHT11-LCD.elf
Finished building: default.size.stdout
 
Finished building: STM32-DHT11-LCD.bin
 
Finished building: STM32-DHT11-LCD.list
 
14:06:20 **** Incremental Build of configuration Debug for project STM32-DHT11-LCD ****
make -j8 all 
arm-none-eabi-gcc "../Core/Src/main.c" -mcpu=cortex-m3 -std=gnu11 -g3 -DDEBUG -DUSE_HAL_DRIVER -DSTM32F103xB -c -I../Core/Inc -I../Drivers/STM32F1xx_HAL_Driver/Inc -I../Drivers/STM32F1xx_HAL_Driver/Inc/Legacy -I../Drivers/CMSIS/Device/ST/STM32F1xx/Include -I../Drivers/CMSIS/Include -O0 -ffunction-sections -fdata-sections -Wall -fstack-usage -MMD -MP -MF"Core/Src/main.d" -MT"Core/Src/main.o" --specs=nano.specs -mfloat-abi=soft -mthumb -o "Core/Src/main.o"
../Core/Src/main.c: In function 'DHT11_ReadByte':
../Core/Src/main.c:156:12: error: 'HAL' undeclared (first use in this function)
  156 |     while((HAL))
      |            ^~~
../Core/Src/main.c:156:12: note: each undeclared identifier is reported only once for each function it appears in
../Core/Src/main.c:157:3: error: expected expression before '}' token
  157 |   }
      |   ^
../Core/Src/main.c: In function 'DHT11_ReadSensor':
../Core/Src/main.c:163:19: warning: variable 'checksum' set but not used [-Wunused-but-set-variable]
  163 |   uint16_t humid, checksum, temp;
      |                   ^~~~~~~~
../Core/Src/main.c:162:42: warning: variable 'presence' set but not used [-Wunused-but-set-variable]
  162 |   uint8_t hByte1, hByte2, tByte1,tByte2, presence;
      |                                          ^~~~~~~~
../Core/Src/main.c:162:34: warning: variable 'tByte2' set but not used [-Wunused-but-set-variable]
  162 |   uint8_t hByte1, hByte2, tByte1,tByte2, presence;
      |                                  ^~~~~~
../Core/Src/main.c:162:19: warning: variable 'hByte2' set but not used [-Wunused-but-set-variable]
  162 |   uint8_t hByte1, hByte2, tByte1,tByte2, presence;
      |                   ^~~~~~
../Core/Src/main.c: In function 'DHT11_ReadByte':
../Core/Src/main.c:158:1: warning: control reaches end of non-void function [-Wreturn-type]
  158 | }
      | ^
make: *** [Core/Src/subdir.mk:34: Core/Src/main.o] Error 1
"make -j8 all" terminated with exit code 2. Build might be incomplete.
14:07:52 **** Incremental Build of configuration Debug for project STM32-DHT11-LCD ****
make -j8 all 
arm-none-eabi-gcc "../Core/Src/main.c" -mcpu=cortex-m3 -std=gnu11 -g3 -DDEBUG -DUSE_HAL_DRIVER -DSTM32F103xB -c -I../Core/Inc -I../Drivers/STM32F1xx_HAL_Driver/Inc -I../Drivers/STM32F1xx_HAL_Driver/Inc/Legacy -I../Drivers/CMSIS/Device/ST/STM32F1xx/Include -I../Drivers/CMSIS/Include -O0 -ffunction-sections -fdata-sections -Wall -fstack-usage -MMD -MP -MF"Core/Src/main.d" -MT"Core/Src/main.o" --specs=nano.specs -mfloat-abi=soft -mthumb -o "Core/Src/main.o"
../Core/Src/main.c: In function 'DHT11_ReadSensor':
../Core/Src/main.c:164:19: warning: variable 'checksum' set but not used [-Wunused-but-set-variable]
  164 |   uint16_t humid, checksum, temp;
      |                   ^~~~~~~~
../Core/Src/main.c:163:42: warning: variable 'presence' set but not used [-Wunused-but-set-variable]
  163 |   uint8_t hByte1, hByte2, tByte1,tByte2, presence;
      |                                          ^~~~~~~~
../Core/Src/main.c:163:34: warning: variable 'tByte2' set but not used [-Wunused-but-set-variable]
  163 |   uint8_t hByte1, hByte2, tByte1,tByte2, presence;
      |                                  ^~~~~~
../Core/Src/main.c:163:19: warning: variable 'hByte2' set but not used [-Wunused-but-set-variable]
  163 |   uint8_t hByte1, hByte2, tByte1,tByte2, presence;
      |                   ^~~~~~
arm-none-eabi-gcc -o "STM32-DHT11-LCD.elf" @"objects.list"   -mcpu=cortex-m3 -T"D:\tunaOneDrive\OneDrive - Hanoi University of Science and Technology\tunaOneDriveSync\tunaProjects\Mercenary-projects\STM32-DHT11-LCD\STM32-DHT11-LCD\STM32F103C8TX_FLASH.ld" --specs=nosys.specs -Wl,-Map="STM32-DHT11-LCD.map" -Wl,--gc-sections -static --specs=nano.specs -mfloat-abi=soft -mthumb -Wl,--start-group -lc -lm -Wl,--end-group
Finished building target: STM32-DHT11-LCD.elf
 
arm-none-eabi-objdump -h -S  STM32-DHT11-LCD.elf  > "STM32-DHT11-LCD.list"
arm-none-eabi-objcopy  -O binary  STM32-DHT11-LCD.elf  "STM32-DHT11-LCD.bin"
arm-none-eabi-size   STM32-DHT11-LCD.elf 
   text	   data	    bss	    dec	    hex	filename
   8340	     20	   1732	  10092	   276c	STM32-DHT11-LCD.elf
Finished building: default.size.stdout
 
Finished building: STM32-DHT11-LCD.bin
 
Finished building: STM32-DHT11-LCD.list
 
14:13:24 **** Incremental Build of configuration Debug for project STM32-DHT11-LCD ****
make -j8 all 
arm-none-eabi-size   STM32-DHT11-LCD.elf 
   text	   data	    bss	    dec	    hex	filename
   8340	     20	   1732	  10092	   276c	STM32-DHT11-LCD.elf
Finished building: default.size.stdout
 
14:14:08 **** Incremental Build of configuration Debug for project STM32-DHT11-LCD ****
make -j8 all 
arm-none-eabi-size   STM32-DHT11-LCD.elf 
   text	   data	    bss	    dec	    hex	filename
   8340	     20	   1732	  10092	   276c	STM32-DHT11-LCD.elf
Finished building: default.size.stdout
 
14:14:49 **** Incremental Build of configuration Debug for project STM32-DHT11-LCD ****
make -j8 all 
arm-none-eabi-size   STM32-DHT11-LCD.elf 
   text	   data	    bss	    dec	    hex	filename
   8340	     20	   1732	  10092	   276c	STM32-DHT11-LCD.elf
Finished building: default.size.stdout
 
14:15:09 **** Incremental Build of configuration Debug for project STM32-DHT11-LCD ****
make -j8 all 
arm-none-eabi-size   STM32-DHT11-LCD.elf 
   text	   data	    bss	    dec	    hex	filename
   8340	     20	   1732	  10092	   276c	STM32-DHT11-LCD.elf
Finished building: default.size.stdout
 
14:25:11 **** Incremental Build of configuration Debug for project STM32-DHT11-LCD ****
make -j8 all 
arm-none-eabi-size   STM32-DHT11-LCD.elf 
   text	   data	    bss	    dec	    hex	filename
   8340	     20	   1732	  10092	   276c	STM32-DHT11-LCD.elf
Finished building: default.size.stdout
 
14:27:28 **** Incremental Build of configuration Debug for project STM32-DHT11-LCD ****
make -j8 all 
arm-none-eabi-size   STM32-DHT11-LCD.elf 
   text	   data	    bss	    dec	    hex	filename
   8340	     20	   1732	  10092	   276c	STM32-DHT11-LCD.elf
Finished building: default.size.stdout
 
14:27:57 **** Incremental Build of configuration Debug for project STM32-DHT11-LCD ****
make -j8 all 
arm-none-eabi-size   STM32-DHT11-LCD.elf 
   text	   data	    bss	    dec	    hex	filename
   8340	     20	   1732	  10092	   276c	STM32-DHT11-LCD.elf
Finished building: default.size.stdout
 
14:37:08 **** Incremental Build of configuration Debug for project STM32-DHT11-LCD ****
make -j8 all 
arm-none-eabi-size   STM32-DHT11-LCD.elf 
   text	   data	    bss	    dec	    hex	filename
   8340	     20	   1732	  10092	   276c	STM32-DHT11-LCD.elf
Finished building: default.size.stdout
 
14:38:44 **** Incremental Build of configuration Debug for project STM32-DHT11-LCD ****
make -j8 all 
arm-none-eabi-size   STM32-DHT11-LCD.elf 
   text	   data	    bss	    dec	    hex	filename
   8340	     20	   1732	  10092	   276c	STM32-DHT11-LCD.elf
Finished building: default.size.stdout
 
14:41:08 **** Incremental Build of configuration Debug for project STM32-DHT11-LCD ****
make -j8 all 
arm-none-eabi-size   STM32-DHT11-LCD.elf 
   text	   data	    bss	    dec	    hex	filename
   8340	     20	   1732	  10092	   276c	STM32-DHT11-LCD.elf
Finished building: default.size.stdout
 
14:43:44 **** Incremental Build of configuration Debug for project STM32-DHT11-LCD ****
make -j8 all 
arm-none-eabi-size   STM32-DHT11-LCD.elf 
   text	   data	    bss	    dec	    hex	filename
   8340	     20	   1732	  10092	   276c	STM32-DHT11-LCD.elf
Finished building: default.size.stdout
 
14:45:00 **** Incremental Build of configuration Debug for project STM32-DHT11-LCD ****
make -j8 all 
arm-none-eabi-size   STM32-DHT11-LCD.elf 
   text	   data	    bss	    dec	    hex	filename
   8340	     20	   1732	  10092	   276c	STM32-DHT11-LCD.elf
Finished building: default.size.stdout
 
14:48:31 **** Incremental Build of configuration Debug for project STM32-DHT11-LCD ****
make -j8 all 
arm-none-eabi-gcc "../Core/Src/main.c" -mcpu=cortex-m3 -std=gnu11 -g3 -DDEBUG -DUSE_HAL_DRIVER -DSTM32F103xB -c -I../Core/Inc -I../Drivers/STM32F1xx_HAL_Driver/Inc -I../Drivers/STM32F1xx_HAL_Driver/Inc/Legacy -I../Drivers/CMSIS/Device/ST/STM32F1xx/Include -I../Drivers/CMSIS/Include -O0 -ffunction-sections -fdata-sections -Wall -fstack-usage -MMD -MP -MF"Core/Src/main.d" -MT"Core/Src/main.o" --specs=nano.specs -mfloat-abi=soft -mthumb -o "Core/Src/main.o"
../Core/Src/main.c: In function 'DHT11_ReadSensor':
../Core/Src/main.c:164:29: warning: variable 'temp' set but not used [-Wunused-but-set-variable]
  164 |   uint16_t humid, checksum, temp;
      |                             ^~~~
../Core/Src/main.c:164:19: warning: variable 'checksum' set but not used [-Wunused-but-set-variable]
  164 |   uint16_t humid, checksum, temp;
      |                   ^~~~~~~~
../Core/Src/main.c:164:12: warning: variable 'humid' set but not used [-Wunused-but-set-variable]
  164 |   uint16_t humid, checksum, temp;
      |            ^~~~~
../Core/Src/main.c:163:42: warning: variable 'presence' set but not used [-Wunused-but-set-variable]
  163 |   uint8_t hByte1, hByte2, tByte1,tByte2, presence;
      |                                          ^~~~~~~~
../Core/Src/main.c:163:34: warning: variable 'tByte2' set but not used [-Wunused-but-set-variable]
  163 |   uint8_t hByte1, hByte2, tByte1,tByte2, presence;
      |                                  ^~~~~~
../Core/Src/main.c:163:19: warning: variable 'hByte2' set but not used [-Wunused-but-set-variable]
  163 |   uint8_t hByte1, hByte2, tByte1,tByte2, presence;
      |                   ^~~~~~
arm-none-eabi-gcc -o "STM32-DHT11-LCD.elf" @"objects.list"   -mcpu=cortex-m3 -T"D:\tunaOneDrive\OneDrive - Hanoi University of Science and Technology\tunaOneDriveSync\tunaProjects\Mercenary-projects\STM32-DHT11-LCD\STM32-DHT11-LCD\STM32F103C8TX_FLASH.ld" --specs=nosys.specs -Wl,-Map="STM32-DHT11-LCD.map" -Wl,--gc-sections -static --specs=nano.specs -mfloat-abi=soft -mthumb -Wl,--start-group -lc -lm -Wl,--end-group
Finished building target: STM32-DHT11-LCD.elf
 
arm-none-eabi-objdump -h -S  STM32-DHT11-LCD.elf  > "STM32-DHT11-LCD.list"
arm-none-eabi-objcopy  -O binary  STM32-DHT11-LCD.elf  "STM32-DHT11-LCD.bin"
arm-none-eabi-size   STM32-DHT11-LCD.elf 
   text	   data	    bss	    dec	    hex	filename
   7784	     20	   1732	   9536	   2540	STM32-DHT11-LCD.elf
Finished building: default.size.stdout
 
Finished building: STM32-DHT11-LCD.bin
 
Finished building: STM32-DHT11-LCD.list
 
14:48:43 **** Incremental Build of configuration Debug for project STM32-DHT11-LCD ****
make -j8 all 
arm-none-eabi-size   STM32-DHT11-LCD.elf 
   text	   data	    bss	    dec	    hex	filename
   7784	     20	   1732	   9536	   2540	STM32-DHT11-LCD.elf
Finished building: default.size.stdout
 
14:57:13 **** Incremental Build of configuration Debug for project STM32-DHT11-LCD ****
make -j8 all 
arm-none-eabi-gcc "../Core/Src/main.c" -mcpu=cortex-m3 -std=gnu11 -g3 -DDEBUG -DUSE_HAL_DRIVER -DSTM32F103xB -c -I../Core/Inc -I../Drivers/STM32F1xx_HAL_Driver/Inc -I../Drivers/STM32F1xx_HAL_Driver/Inc/Legacy -I../Drivers/CMSIS/Device/ST/STM32F1xx/Include -I../Drivers/CMSIS/Include -O0 -ffunction-sections -fdata-sections -Wall -fstack-usage -MMD -MP -MF"Core/Src/main.d" -MT"Core/Src/main.o" --specs=nano.specs -mfloat-abi=soft -mthumb -o "Core/Src/main.o"
arm-none-eabi-gcc -o "STM32-DHT11-LCD.elf" @"objects.list"   -mcpu=cortex-m3 -T"D:\tunaOneDrive\OneDrive - Hanoi University of Science and Technology\tunaOneDriveSync\tunaProjects\Mercenary-projects\STM32-DHT11-LCD\STM32-DHT11-LCD\STM32F103C8TX_FLASH.ld" --specs=nosys.specs -Wl,-Map="STM32-DHT11-LCD.map" -Wl,--gc-sections -static --specs=nano.specs -mfloat-abi=soft -mthumb -Wl,--start-group -lc -lm -Wl,--end-group
Finished building target: STM32-DHT11-LCD.elf
 
arm-none-eabi-objdump -h -S  STM32-DHT11-LCD.elf  > "STM32-DHT11-LCD.list"
arm-none-eabi-objcopy  -O binary  STM32-DHT11-LCD.elf  "STM32-DHT11-LCD.bin"
arm-none-eabi-size   STM32-DHT11-LCD.elf 
   text	   data	    bss	    dec	    hex	filename
   7852	     20	   1740	   9612	   258c	STM32-DHT11-LCD.elf
Finished building: default.size.stdout
 
Finished building: STM32-DHT11-LCD.bin
 
Finished building: STM32-DHT11-LCD.list
 
14:57:24 **** Incremental Build of configuration Debug for project STM32-DHT11-LCD ****
make -j8 all 
arm-none-eabi-size   STM32-DHT11-LCD.elf 
   text	   data	    bss	    dec	    hex	filename
   7852	     20	   1740	   9612	   258c	STM32-DHT11-LCD.elf
Finished building: default.size.stdout
 
15:29:16 **** Incremental Build of configuration Debug for project STM32-DHT11-LCD ****
make -j8 all 
arm-none-eabi-gcc "../Core/Src/main.c" -mcpu=cortex-m3 -std=gnu11 -g3 -DDEBUG -DUSE_HAL_DRIVER -DSTM32F103xB -c -I../Core/Inc -I../Drivers/STM32F1xx_HAL_Driver/Inc -I../Drivers/STM32F1xx_HAL_Driver/Inc/Legacy -I../Drivers/CMSIS/Device/ST/STM32F1xx/Include -I../Drivers/CMSIS/Include -O0 -ffunction-sections -fdata-sections -Wall -fstack-usage -MMD -MP -MF"Core/Src/main.d" -MT"Core/Src/main.o" --specs=nano.specs -mfloat-abi=soft -mthumb -o "Core/Src/main.o"
arm-none-eabi-gcc -o "STM32-DHT11-LCD.elf" @"objects.list"   -mcpu=cortex-m3 -T"D:\tunaOneDrive\OneDrive - Hanoi University of Science and Technology\tunaOneDriveSync\tunaProjects\Mercenary-projects\STM32-DHT11-LCD\STM32-DHT11-LCD\STM32F103C8TX_FLASH.ld" --specs=nosys.specs -Wl,-Map="STM32-DHT11-LCD.map" -Wl,--gc-sections -static --specs=nano.specs -mfloat-abi=soft -mthumb -Wl,--start-group -lc -lm -Wl,--end-group
Finished building target: STM32-DHT11-LCD.elf
 
arm-none-eabi-objdump -h -S  STM32-DHT11-LCD.elf  > "STM32-DHT11-LCD.list"
arm-none-eabi-objcopy  -O binary  STM32-DHT11-LCD.elf  "STM32-DHT11-LCD.bin"
arm-none-eabi-size   STM32-DHT11-LCD.elf 
   text	   data	    bss	    dec	    hex	filename
   7884	     20	   1740	   9644	   25ac	STM32-DHT11-LCD.elf
Finished building: default.size.stdout
 
Finished building: STM32-DHT11-LCD.bin
 
Finished building: STM32-DHT11-LCD.list
 
15:29:24 **** Incremental Build of configuration Debug for project STM32-DHT11-LCD ****
make -j8 all 
arm-none-eabi-size   STM32-DHT11-LCD.elf 
   text	   data	    bss	    dec	    hex	filename
   7884	     20	   1740	   9644	   25ac	STM32-DHT11-LCD.elf
Finished building: default.size.stdout
 
15:29:33 **** Incremental Build of configuration Debug for project STM32-DHT11-LCD ****
make -j8 all 
arm-none-eabi-size   STM32-DHT11-LCD.elf 
   text	   data	    bss	    dec	    hex	filename
   7884	     20	   1740	   9644	   25ac	STM32-DHT11-LCD.elf
Finished building: default.size.stdout
 
15:29:35 **** Incremental Build of configuration Debug for project STM32-DHT11-LCD ****
make -j8 all 
arm-none-eabi-size   STM32-DHT11-LCD.elf 
   text	   data	    bss	    dec	    hex	filename
   7884	     20	   1740	   9644	   25ac	STM32-DHT11-LCD.elf
Finished building: default.size.stdout
 
15:36:14 **** Incremental Build of configuration Debug for project STM32-DHT11-LCD ****
make -j8 all 
arm-none-eabi-gcc "../Core/Src/stm32f1xx_hal_msp.c" -mcpu=cortex-m3 -std=gnu11 -g3 -DDEBUG -DUSE_HAL_DRIVER -DSTM32F103xB -c -I../Core/Inc -I../Drivers/STM32F1xx_HAL_Driver/Inc -I../Drivers/STM32F1xx_HAL_Driver/Inc/Legacy -I../Drivers/CMSIS/Device/ST/STM32F1xx/Include -I../Drivers/CMSIS/Include -O0 -ffunction-sections -fdata-sections -Wall -fstack-usage -MMD -MP -MF"Core/Src/stm32f1xx_hal_msp.d" -MT"Core/Src/stm32f1xx_hal_msp.o" --specs=nano.specs -mfloat-abi=soft -mthumb -o "Core/Src/stm32f1xx_hal_msp.o"
arm-none-eabi-gcc "../Core/Src/stm32f1xx_it.c" -mcpu=cortex-m3 -std=gnu11 -g3 -DDEBUG -DUSE_HAL_DRIVER -DSTM32F103xB -c -I../Core/Inc -I../Drivers/STM32F1xx_HAL_Driver/Inc -I../Drivers/STM32F1xx_HAL_Driver/Inc/Legacy -I../Drivers/CMSIS/Device/ST/STM32F1xx/Include -I../Drivers/CMSIS/Include -O0 -ffunction-sections -fdata-sections -Wall -fstack-usage -MMD -MP -MF"Core/Src/stm32f1xx_it.d" -MT"Core/Src/stm32f1xx_it.o" --specs=nano.specs -mfloat-abi=soft -mthumb -o "Core/Src/stm32f1xx_it.o"
arm-none-eabi-gcc "../Core/Src/syscalls.c" -mcpu=cortex-m3 -std=gnu11 -g3 -DDEBUG -DUSE_HAL_DRIVER -DSTM32F103xB -c -I../Core/Inc -I../Drivers/STM32F1xx_HAL_Driver/Inc -I../Drivers/STM32F1xx_HAL_Driver/Inc/Legacy -I../Drivers/CMSIS/Device/ST/STM32F1xx/Include -I../Drivers/CMSIS/Include -O0 -ffunction-sections -fdata-sections -Wall -fstack-usage -MMD -MP -MF"Core/Src/syscalls.d" -MT"Core/Src/syscalls.o" --specs=nano.specs -mfloat-abi=soft -mthumb -o "Core/Src/syscalls.o"
arm-none-eabi-gcc "../Core/Src/sysmem.c" -mcpu=cortex-m3 -std=gnu11 -g3 -DDEBUG -DUSE_HAL_DRIVER -DSTM32F103xB -c -I../Core/Inc -I../Drivers/STM32F1xx_HAL_Driver/Inc -I../Drivers/STM32F1xx_HAL_Driver/Inc/Legacy -I../Drivers/CMSIS/Device/ST/STM32F1xx/Include -I../Drivers/CMSIS/Include -O0 -ffunction-sections -fdata-sections -Wall -fstack-usage -MMD -MP -MF"Core/Src/sysmem.d" -MT"Core/Src/sysmem.o" --specs=nano.specs -mfloat-abi=soft -mthumb -o "Core/Src/sysmem.o"
arm-none-eabi-gcc "../Core/Src/system_stm32f1xx.c" -mcpu=cortex-m3 -std=gnu11 -g3 -DDEBUG -DUSE_HAL_DRIVER -DSTM32F103xB -c -I../Core/Inc -I../Drivers/STM32F1xx_HAL_Driver/Inc -I../Drivers/STM32F1xx_HAL_Driver/Inc/Legacy -I../Drivers/CMSIS/Device/ST/STM32F1xx/Include -I../Drivers/CMSIS/Include -O0 -ffunction-sections -fdata-sections -Wall -fstack-usage -MMD -MP -MF"Core/Src/system_stm32f1xx.d" -MT"Core/Src/system_stm32f1xx.o" --specs=nano.specs -mfloat-abi=soft -mthumb -o "Core/Src/system_stm32f1xx.o"
arm-none-eabi-gcc "../Core/Src/i2c-lcd.c" -mcpu=cortex-m3 -std=gnu11 -g3 -DDEBUG -DUSE_HAL_DRIVER -DSTM32F103xB -c -I../Core/Inc -I../Drivers/STM32F1xx_HAL_Driver/Inc -I../Drivers/STM32F1xx_HAL_Driver/Inc/Legacy -I../Drivers/CMSIS/Device/ST/STM32F1xx/Include -I../Drivers/CMSIS/Include -O0 -ffunction-sections -fdata-sections -Wall -fstack-usage -MMD -MP -MF"Core/Src/i2c-lcd.d" -MT"Core/Src/i2c-lcd.o" --specs=nano.specs -mfloat-abi=soft -mthumb -o "Core/Src/i2c-lcd.o"
arm-none-eabi-gcc "../Core/Src/main.c" -mcpu=cortex-m3 -std=gnu11 -g3 -DDEBUG -DUSE_HAL_DRIVER -DSTM32F103xB -c -I../Core/Inc -I../Drivers/STM32F1xx_HAL_Driver/Inc -I../Drivers/STM32F1xx_HAL_Driver/Inc/Legacy -I../Drivers/CMSIS/Device/ST/STM32F1xx/Include -I../Drivers/CMSIS/Include -O0 -ffunction-sections -fdata-sections -Wall -fstack-usage -MMD -MP -MF"Core/Src/main.d" -MT"Core/Src/main.o" --specs=nano.specs -mfloat-abi=soft -mthumb -o "Core/Src/main.o"
arm-none-eabi-gcc -o "STM32-DHT11-LCD.elf" @"objects.list"   -mcpu=cortex-m3 -T"D:\tunaOneDrive\OneDrive - Hanoi University of Science and Technology\tunaOneDriveSync\tunaProjects\Mercenary-projects\STM32-DHT11-LCD\STM32-DHT11-LCD\STM32F103C8TX_FLASH.ld" --specs=nosys.specs -Wl,-Map="STM32-DHT11-LCD.map" -Wl,--gc-sections -static --specs=nano.specs -mfloat-abi=soft -mthumb -Wl,--start-group -lc -lm -Wl,--end-group
Finished building target: STM32-DHT11-LCD.elf
 
arm-none-eabi-objdump -h -S  STM32-DHT11-LCD.elf  > "STM32-DHT11-LCD.list"
arm-none-eabi-objcopy  -O binary  STM32-DHT11-LCD.elf  "STM32-DHT11-LCD.bin"
arm-none-eabi-size   STM32-DHT11-LCD.elf 
   text	   data	    bss	    dec	    hex	filename
   7884	     20	   1740	   9644	   25ac	STM32-DHT11-LCD.elf
Finished building: default.size.stdout
 
Finished building: STM32-DHT11-LCD.bin
 
Finished building: STM32-DHT11-LCD.list
 
15:44:13 **** Incremental Build of configuration Debug for project STM32-DHT11-LCD ****
make -j8 all 
arm-none-eabi-gcc "../Core/Src/main.c" -mcpu=cortex-m3 -std=gnu11 -g3 -DDEBUG -DUSE_HAL_DRIVER -DSTM32F103xB -c -I../Core/Inc -I../Drivers/STM32F1xx_HAL_Driver/Inc -I../Drivers/STM32F1xx_HAL_Driver/Inc/Legacy -I../Drivers/CMSIS/Device/ST/STM32F1xx/Include -I../Drivers/CMSIS/Include -O0 -ffunction-sections -fdata-sections -Wall -fstack-usage -MMD -MP -MF"Core/Src/main.d" -MT"Core/Src/main.o" --specs=nano.specs -mfloat-abi=soft -mthumb -o "Core/Src/main.o"
arm-none-eabi-gcc -o "STM32-DHT11-LCD.elf" @"objects.list"   -mcpu=cortex-m3 -T"D:\tunaOneDrive\OneDrive - Hanoi University of Science and Technology\tunaOneDriveSync\tunaProjects\Mercenary-projects\STM32-DHT11-LCD\STM32-DHT11-LCD\STM32F103C8TX_FLASH.ld" --specs=nosys.specs -Wl,-Map="STM32-DHT11-LCD.map" -Wl,--gc-sections -static --specs=nano.specs -mfloat-abi=soft -mthumb -Wl,--start-group -lc -lm -Wl,--end-group
Finished building target: STM32-DHT11-LCD.elf
 
arm-none-eabi-objdump -h -S  STM32-DHT11-LCD.elf  > "STM32-DHT11-LCD.list"
arm-none-eabi-objcopy  -O binary  STM32-DHT11-LCD.elf  "STM32-DHT11-LCD.bin"
arm-none-eabi-size   STM32-DHT11-LCD.elf 
   text	   data	    bss	    dec	    hex	filename
  12276	    120	   1768	  14164	   3754	STM32-DHT11-LCD.elf
Finished building: default.size.stdout
 
Finished building: STM32-DHT11-LCD.bin
 
Finished building: STM32-DHT11-LCD.list
 
15:45:46 **** Incremental Build of configuration Debug for project STM32-DHT11-LCD ****
make -j8 all 
arm-none-eabi-size   STM32-DHT11-LCD.elf 
   text	   data	    bss	    dec	    hex	filename
  12276	    120	   1768	  14164	   3754	STM32-DHT11-LCD.elf
Finished building: default.size.stdout
 
15:46:06 **** Incremental Build of configuration Debug for project STM32-DHT11-LCD ****
make -j8 all 
arm-none-eabi-size   STM32-DHT11-LCD.elf 
   text	   data	    bss	    dec	    hex	filename
  12276	    120	   1768	  14164	   3754	STM32-DHT11-LCD.elf
Finished building: default.size.stdout
 
15:46:17 **** Incremental Build of configuration Debug for project STM32-DHT11-LCD ****
make -j8 all 
arm-none-eabi-size   STM32-DHT11-LCD.elf 
   text	   data	    bss	    dec	    hex	filename
  12276	    120	   1768	  14164	   3754	STM32-DHT11-LCD.elf
Finished building: default.size.stdout
 
15:46:38 **** Incremental Build of configuration Debug for project STM32-DHT11-LCD ****
make -j8 all 
arm-none-eabi-size   STM32-DHT11-LCD.elf 
   text	   data	    bss	    dec	    hex	filename
  12276	    120	   1768	  14164	   3754	STM32-DHT11-LCD.elf
Finished building: default.size.stdout
 
15:57:06 **** Incremental Build of configuration Debug for project STM32-DHT11-LCD ****
make -j8 all 
arm-none-eabi-gcc "../Core/Src/main.c" -mcpu=cortex-m3 -std=gnu11 -g3 -DDEBUG -DUSE_HAL_DRIVER -DSTM32F103xB -c -I../Core/Inc -I../Drivers/STM32F1xx_HAL_Driver/Inc -I../Drivers/STM32F1xx_HAL_Driver/Inc/Legacy -I../Drivers/CMSIS/Device/ST/STM32F1xx/Include -I../Drivers/CMSIS/Include -O0 -ffunction-sections -fdata-sections -Wall -fstack-usage -MMD -MP -MF"Core/Src/main.d" -MT"Core/Src/main.o" --specs=nano.specs -mfloat-abi=soft -mthumb -o "Core/Src/main.o"
arm-none-eabi-gcc -o "STM32-DHT11-LCD.elf" @"objects.list"   -mcpu=cortex-m3 -T"D:\tunaOneDrive\OneDrive - Hanoi University of Science and Technology\tunaOneDriveSync\tunaProjects\Mercenary-projects\STM32-DHT11-LCD\STM32-DHT11-LCD\STM32F103C8TX_FLASH.ld" --specs=nosys.specs -Wl,-Map="STM32-DHT11-LCD.map" -Wl,--gc-sections -static --specs=nano.specs -mfloat-abi=soft -mthumb -Wl,--start-group -lc -lm -Wl,--end-group
Finished building target: STM32-DHT11-LCD.elf
 
arm-none-eabi-objdump -h -S  STM32-DHT11-LCD.elf  > "STM32-DHT11-LCD.list"
arm-none-eabi-objcopy  -O binary  STM32-DHT11-LCD.elf  "STM32-DHT11-LCD.bin"
arm-none-eabi-size   STM32-DHT11-LCD.elf 
   text	   data	    bss	    dec	    hex	filename
  12300	    120	   1768	  14188	   376c	STM32-DHT11-LCD.elf
Finished building: default.size.stdout
 
Finished building: STM32-DHT11-LCD.bin
 
Finished building: STM32-DHT11-LCD.list
 
15:57:29 **** Incremental Build of configuration Debug for project STM32-DHT11-LCD ****
make -j8 all 
arm-none-eabi-size   STM32-DHT11-LCD.elf 
   text	   data	    bss	    dec	    hex	filename
  12300	    120	   1768	  14188	   376c	STM32-DHT11-LCD.elf
Finished building: default.size.stdout
 
15:57:55 **** Incremental Build of configuration Debug for project STM32-DHT11-LCD ****
make -j8 all 
arm-none-eabi-size   STM32-DHT11-LCD.elf 
   text	   data	    bss	    dec	    hex	filename
  12300	    120	   1768	  14188	   376c	STM32-DHT11-LCD.elf
Finished building: default.size.stdout
 
15:58:27 **** Incremental Build of configuration Debug for project STM32-DHT11-LCD ****
make -j8 all 
arm-none-eabi-size   STM32-DHT11-LCD.elf 
   text	   data	    bss	    dec	    hex	filename
  12300	    120	   1768	  14188	   376c	STM32-DHT11-LCD.elf
Finished building: default.size.stdout
 
16:01:31 **** Incremental Build of configuration Debug for project STM32-DHT11-LCD ****
make -j8 all 
arm-none-eabi-gcc "../Core/Src/main.c" -mcpu=cortex-m3 -std=gnu11 -g3 -DDEBUG -DUSE_HAL_DRIVER -DSTM32F103xB -c -I../Core/Inc -I../Drivers/STM32F1xx_HAL_Driver/Inc -I../Drivers/STM32F1xx_HAL_Driver/Inc/Legacy -I../Drivers/CMSIS/Device/ST/STM32F1xx/Include -I../Drivers/CMSIS/Include -O0 -ffunction-sections -fdata-sections -Wall -fstack-usage -MMD -MP -MF"Core/Src/main.d" -MT"Core/Src/main.o" --specs=nano.specs -mfloat-abi=soft -mthumb -o "Core/Src/main.o"
../Core/Src/main.c: In function 'LCD_Display':
../Core/Src/main.c:190:8: warning: unused variable 'tempString' [-Wunused-variable]
  190 |   char tempString[3];
      |        ^~~~~~~~~~
arm-none-eabi-gcc -o "STM32-DHT11-LCD.elf" @"objects.list"   -mcpu=cortex-m3 -T"D:\tunaOneDrive\OneDrive - Hanoi University of Science and Technology\tunaOneDriveSync\tunaProjects\Mercenary-projects\STM32-DHT11-LCD\STM32-DHT11-LCD\STM32F103C8TX_FLASH.ld" --specs=nosys.specs -Wl,-Map="STM32-DHT11-LCD.map" -Wl,--gc-sections -static --specs=nano.specs -mfloat-abi=soft -mthumb -Wl,--start-group -lc -lm -Wl,--end-group
Finished building target: STM32-DHT11-LCD.elf
 
arm-none-eabi-objdump -h -S  STM32-DHT11-LCD.elf  > "STM32-DHT11-LCD.list"
arm-none-eabi-objcopy  -O binary  STM32-DHT11-LCD.elf  "STM32-DHT11-LCD.bin"
arm-none-eabi-size   STM32-DHT11-LCD.elf 
   text	   data	    bss	    dec	    hex	filename
   9900	     20	   1740	  11660	   2d8c	STM32-DHT11-LCD.elf
Finished building: default.size.stdout
 
Finished building: STM32-DHT11-LCD.bin
 
Finished building: STM32-DHT11-LCD.list
 
16:01:42 **** Incremental Build of configuration Debug for project STM32-DHT11-LCD ****
make -j8 all 
arm-none-eabi-size   STM32-DHT11-LCD.elf 
   text	   data	    bss	    dec	    hex	filename
   9900	     20	   1740	  11660	   2d8c	STM32-DHT11-LCD.elf
Finished building: default.size.stdout
 
16:07:43 **** Incremental Build of configuration Debug for project STM32-DHT11-LCD ****
make -j8 all 
arm-none-eabi-gcc "../Core/Src/main.c" -mcpu=cortex-m3 -std=gnu11 -g3 -DDEBUG -DUSE_HAL_DRIVER -DSTM32F103xB -c -I../Core/Inc -I../Drivers/STM32F1xx_HAL_Driver/Inc -I../Drivers/STM32F1xx_HAL_Driver/Inc/Legacy -I../Drivers/CMSIS/Device/ST/STM32F1xx/Include -I../Drivers/CMSIS/Include -O0 -ffunction-sections -fdata-sections -Wall -fstack-usage -MMD -MP -MF"Core/Src/main.d" -MT"Core/Src/main.o" --specs=nano.specs -mfloat-abi=soft -mthumb -o "Core/Src/main.o"
../Core/Src/main.c: In function 'LCD_Display':
../Core/Src/main.c:190:8: warning: unused variable 'tempString' [-Wunused-variable]
  190 |   char tempString[3];
      |        ^~~~~~~~~~
arm-none-eabi-gcc -o "STM32-DHT11-LCD.elf" @"objects.list"   -mcpu=cortex-m3 -T"D:\tunaOneDrive\OneDrive - Hanoi University of Science and Technology\tunaOneDriveSync\tunaProjects\Mercenary-projects\STM32-DHT11-LCD\STM32-DHT11-LCD\STM32F103C8TX_FLASH.ld" --specs=nosys.specs -Wl,-Map="STM32-DHT11-LCD.map" -Wl,--gc-sections -static --specs=nano.specs -mfloat-abi=soft -mthumb -Wl,--start-group -lc -lm -Wl,--end-group
Finished building target: STM32-DHT11-LCD.elf
 
arm-none-eabi-objdump -h -S  STM32-DHT11-LCD.elf  > "STM32-DHT11-LCD.list"
arm-none-eabi-objcopy  -O binary  STM32-DHT11-LCD.elf  "STM32-DHT11-LCD.bin"
arm-none-eabi-size   STM32-DHT11-LCD.elf 
   text	   data	    bss	    dec	    hex	filename
   9904	     20	   1740	  11664	   2d90	STM32-DHT11-LCD.elf
Finished building: default.size.stdout
 
Finished building: STM32-DHT11-LCD.bin
 
Finished building: STM32-DHT11-LCD.list
 
16:07:58 **** Incremental Build of configuration Debug for project STM32-DHT11-LCD ****
make -j8 all 
arm-none-eabi-size   STM32-DHT11-LCD.elf 
   text	   data	    bss	    dec	    hex	filename
   9904	     20	   1740	  11664	   2d90	STM32-DHT11-LCD.elf
Finished building: default.size.stdout
 
16:14:51 **** Incremental Build of configuration Debug for project STM32-DHT11-LCD ****
make -j8 all 
arm-none-eabi-gcc "../Core/Src/i2c-lcd.c" -mcpu=cortex-m3 -std=gnu11 -g3 -DDEBUG -DUSE_HAL_DRIVER -DSTM32F103xB -c -I../Core/Inc -I../Drivers/STM32F1xx_HAL_Driver/Inc -I../Drivers/STM32F1xx_HAL_Driver/Inc/Legacy -I../Drivers/CMSIS/Device/ST/STM32F1xx/Include -I../Drivers/CMSIS/Include -O0 -ffunction-sections -fdata-sections -Wall -fstack-usage -MMD -MP -MF"Core/Src/i2c-lcd.d" -MT"Core/Src/i2c-lcd.o" --specs=nano.specs -mfloat-abi=soft -mthumb -o "Core/Src/i2c-lcd.o"
arm-none-eabi-gcc "../Core/Src/main.c" -mcpu=cortex-m3 -std=gnu11 -g3 -DDEBUG -DUSE_HAL_DRIVER -DSTM32F103xB -c -I../Core/Inc -I../Drivers/STM32F1xx_HAL_Driver/Inc -I../Drivers/STM32F1xx_HAL_Driver/Inc/Legacy -I../Drivers/CMSIS/Device/ST/STM32F1xx/Include -I../Drivers/CMSIS/Include -O0 -ffunction-sections -fdata-sections -Wall -fstack-usage -MMD -MP -MF"Core/Src/main.d" -MT"Core/Src/main.o" --specs=nano.specs -mfloat-abi=soft -mthumb -o "Core/Src/main.o"
../Core/Src/main.c: In function 'LCD_Display':
../Core/Src/main.c:190:8: warning: unused variable 'tempString' [-Wunused-variable]
  190 |   char tempString[3];
      |        ^~~~~~~~~~
arm-none-eabi-gcc -o "STM32-DHT11-LCD.elf" @"objects.list"   -mcpu=cortex-m3 -T"D:\tunaOneDrive\OneDrive - Hanoi University of Science and Technology\tunaOneDriveSync\tunaProjects\Mercenary-projects\STM32-DHT11-LCD\STM32-DHT11-LCD\STM32F103C8TX_FLASH.ld" --specs=nosys.specs -Wl,-Map="STM32-DHT11-LCD.map" -Wl,--gc-sections -static --specs=nano.specs -mfloat-abi=soft -mthumb -Wl,--start-group -lc -lm -Wl,--end-group
Finished building target: STM32-DHT11-LCD.elf
 
arm-none-eabi-objdump -h -S  STM32-DHT11-LCD.elf  > "STM32-DHT11-LCD.list"
arm-none-eabi-objcopy  -O binary  STM32-DHT11-LCD.elf  "STM32-DHT11-LCD.bin"
arm-none-eabi-size   STM32-DHT11-LCD.elf 
   text	   data	    bss	    dec	    hex	filename
   9960	     20	   1740	  11720	   2dc8	STM32-DHT11-LCD.elf
Finished building: default.size.stdout
 
Finished building: STM32-DHT11-LCD.bin
 
Finished building: STM32-DHT11-LCD.list
 
16:15:03 **** Incremental Build of configuration Debug for project STM32-DHT11-LCD ****
make -j8 all 
arm-none-eabi-size   STM32-DHT11-LCD.elf 
   text	   data	    bss	    dec	    hex	filename
   9960	     20	   1740	  11720	   2dc8	STM32-DHT11-LCD.elf
Finished building: default.size.stdout
 
16:18:15 **** Incremental Build of configuration Debug for project STM32-DHT11-LCD ****
make -j8 all 
arm-none-eabi-gcc "../Core/Src/main.c" -mcpu=cortex-m3 -std=gnu11 -g3 -DDEBUG -DUSE_HAL_DRIVER -DSTM32F103xB -c -I../Core/Inc -I../Drivers/STM32F1xx_HAL_Driver/Inc -I../Drivers/STM32F1xx_HAL_Driver/Inc/Legacy -I../Drivers/CMSIS/Device/ST/STM32F1xx/Include -I../Drivers/CMSIS/Include -O0 -ffunction-sections -fdata-sections -Wall -fstack-usage -MMD -MP -MF"Core/Src/main.d" -MT"Core/Src/main.o" --specs=nano.specs -mfloat-abi=soft -mthumb -o "Core/Src/main.o"
../Core/Src/main.c: In function 'LCD_Display':
../Core/Src/main.c:197:19: warning: passing argument 1 of 'lcd_send_string' makes pointer from integer without a cast [-Wint-conversion]
  197 |   lcd_send_string((char)223);
      |                   ^~~~~~~~~
      |                   |
      |                   char
In file included from ../Core/Src/main.c:22:
../Core/Inc/i2c-lcd.h:13:29: note: expected 'char *' but argument is of type 'char'
   13 | void lcd_send_string (char *str);  // send string to the lcd
      |                       ~~~~~~^~~
arm-none-eabi-gcc -o "STM32-DHT11-LCD.elf" @"objects.list"   -mcpu=cortex-m3 -T"D:\tunaOneDrive\OneDrive - Hanoi University of Science and Technology\tunaOneDriveSync\tunaProjects\Mercenary-projects\STM32-DHT11-LCD\STM32-DHT11-LCD\STM32F103C8TX_FLASH.ld" --specs=nosys.specs -Wl,-Map="STM32-DHT11-LCD.map" -Wl,--gc-sections -static --specs=nano.specs -mfloat-abi=soft -mthumb -Wl,--start-group -lc -lm -Wl,--end-group
Finished building target: STM32-DHT11-LCD.elf
 
arm-none-eabi-objdump -h -S  STM32-DHT11-LCD.elf  > "STM32-DHT11-LCD.list"
arm-none-eabi-objcopy  -O binary  STM32-DHT11-LCD.elf  "STM32-DHT11-LCD.bin"
arm-none-eabi-size   STM32-DHT11-LCD.elf 
   text	   data	    bss	    dec	    hex	filename
  12380	    120	   1768	  14268	   37bc	STM32-DHT11-LCD.elf
Finished building: default.size.stdout
 
Finished building: STM32-DHT11-LCD.bin
 
Finished building: STM32-DHT11-LCD.list
 
16:18:30 **** Incremental Build of configuration Debug for project STM32-DHT11-LCD ****
make -j8 all 
arm-none-eabi-size   STM32-DHT11-LCD.elf 
   text	   data	    bss	    dec	    hex	filename
  12380	    120	   1768	  14268	   37bc	STM32-DHT11-LCD.elf
Finished building: default.size.stdout
 
16:21:29 **** Incremental Build of configuration Debug for project STM32-DHT11-LCD ****
make -j8 all 
arm-none-eabi-gcc "../Core/Src/main.c" -mcpu=cortex-m3 -std=gnu11 -g3 -DDEBUG -DUSE_HAL_DRIVER -DSTM32F103xB -c -I../Core/Inc -I../Drivers/STM32F1xx_HAL_Driver/Inc -I../Drivers/STM32F1xx_HAL_Driver/Inc/Legacy -I../Drivers/CMSIS/Device/ST/STM32F1xx/Include -I../Drivers/CMSIS/Include -O0 -ffunction-sections -fdata-sections -Wall -fstack-usage -MMD -MP -MF"Core/Src/main.d" -MT"Core/Src/main.o" --specs=nano.specs -mfloat-abi=soft -mthumb -o "Core/Src/main.o"
../Core/Src/main.c: In function 'LCD_Display':
../Core/Src/main.c:197:19: warning: passing argument 1 of 'lcd_send_string' makes pointer from integer without a cast [-Wint-conversion]
  197 |   lcd_send_string((char)223);
      |                   ^~~~~~~~~
      |                   |
      |                   char
In file included from ../Core/Src/main.c:22:
../Core/Inc/i2c-lcd.h:13:29: note: expected 'char *' but argument is of type 'char'
   13 | void lcd_send_string (char *str);  // send string to the lcd
      |                       ~~~~~~^~~
arm-none-eabi-gcc -o "STM32-DHT11-LCD.elf" @"objects.list"   -mcpu=cortex-m3 -T"D:\tunaOneDrive\OneDrive - Hanoi University of Science and Technology\tunaOneDriveSync\tunaProjects\Mercenary-projects\STM32-DHT11-LCD\STM32-DHT11-LCD\STM32F103C8TX_FLASH.ld" --specs=nosys.specs -Wl,-Map="STM32-DHT11-LCD.map" -Wl,--gc-sections -static --specs=nano.specs -mfloat-abi=soft -mthumb -Wl,--start-group -lc -lm -Wl,--end-group
Finished building target: STM32-DHT11-LCD.elf
 
arm-none-eabi-objdump -h -S  STM32-DHT11-LCD.elf  > "STM32-DHT11-LCD.list"
arm-none-eabi-objcopy  -O binary  STM32-DHT11-LCD.elf  "STM32-DHT11-LCD.bin"
arm-none-eabi-size   STM32-DHT11-LCD.elf 
   text	   data	    bss	    dec	    hex	filename
  12380	    120	   1768	  14268	   37bc	STM32-DHT11-LCD.elf
Finished building: default.size.stdout
 
Finished building: STM32-DHT11-LCD.bin
 
Finished building: STM32-DHT11-LCD.list
 
16:21:45 **** Incremental Build of configuration Debug for project STM32-DHT11-LCD ****
make -j8 all 
arm-none-eabi-size   STM32-DHT11-LCD.elf 
   text	   data	    bss	    dec	    hex	filename
  12380	    120	   1768	  14268	   37bc	STM32-DHT11-LCD.elf
Finished building: default.size.stdout
 
16:23:50 **** Incremental Build of configuration Debug for project STM32-DHT11-LCD ****
make -j8 all 
arm-none-eabi-size   STM32-DHT11-LCD.elf 
   text	   data	    bss	    dec	    hex	filename
  12380	    120	   1768	  14268	   37bc	STM32-DHT11-LCD.elf
Finished building: default.size.stdout
 
16:24:06 **** Incremental Build of configuration Debug for project STM32-DHT11-LCD ****
make -j8 all 
arm-none-eabi-gcc "../Core/Src/main.c" -mcpu=cortex-m3 -std=gnu11 -g3 -DDEBUG -DUSE_HAL_DRIVER -DSTM32F103xB -c -I../Core/Inc -I../Drivers/STM32F1xx_HAL_Driver/Inc -I../Drivers/STM32F1xx_HAL_Driver/Inc/Legacy -I../Drivers/CMSIS/Device/ST/STM32F1xx/Include -I../Drivers/CMSIS/Include -O0 -ffunction-sections -fdata-sections -Wall -fstack-usage -MMD -MP -MF"Core/Src/main.d" -MT"Core/Src/main.o" --specs=nano.specs -mfloat-abi=soft -mthumb -o "Core/Src/main.o"
arm-none-eabi-gcc -o "STM32-DHT11-LCD.elf" @"objects.list"   -mcpu=cortex-m3 -T"D:\tunaOneDrive\OneDrive - Hanoi University of Science and Technology\tunaOneDriveSync\tunaProjects\Mercenary-projects\STM32-DHT11-LCD\STM32-DHT11-LCD\STM32F103C8TX_FLASH.ld" --specs=nosys.specs -Wl,-Map="STM32-DHT11-LCD.map" -Wl,--gc-sections -static --specs=nano.specs -mfloat-abi=soft -mthumb -Wl,--start-group -lc -lm -Wl,--end-group
Finished building target: STM32-DHT11-LCD.elf
 
arm-none-eabi-objdump -h -S  STM32-DHT11-LCD.elf  > "STM32-DHT11-LCD.list"
arm-none-eabi-objcopy  -O binary  STM32-DHT11-LCD.elf  "STM32-DHT11-LCD.bin"
arm-none-eabi-size   STM32-DHT11-LCD.elf 
   text	   data	    bss	    dec	    hex	filename
  12376	    120	   1768	  14264	   37b8	STM32-DHT11-LCD.elf
Finished building: default.size.stdout
 
Finished building: STM32-DHT11-LCD.bin
 
Finished building: STM32-DHT11-LCD.list
 
16:24:12 **** Incremental Build of configuration Debug for project STM32-DHT11-LCD ****
make -j8 all 
arm-none-eabi-size   STM32-DHT11-LCD.elf 
   text	   data	    bss	    dec	    hex	filename
  12376	    120	   1768	  14264	   37b8	STM32-DHT11-LCD.elf
Finished building: default.size.stdout
 
16:25:53 **** Incremental Build of configuration Debug for project STM32-DHT11-LCD ****
make -j8 all 
arm-none-eabi-gcc "../Core/Src/main.c" -mcpu=cortex-m3 -std=gnu11 -g3 -DDEBUG -DUSE_HAL_DRIVER -DSTM32F103xB -c -I../Core/Inc -I../Drivers/STM32F1xx_HAL_Driver/Inc -I../Drivers/STM32F1xx_HAL_Driver/Inc/Legacy -I../Drivers/CMSIS/Device/ST/STM32F1xx/Include -I../Drivers/CMSIS/Include -O0 -ffunction-sections -fdata-sections -Wall -fstack-usage -MMD -MP -MF"Core/Src/main.d" -MT"Core/Src/main.o" --specs=nano.specs -mfloat-abi=soft -mthumb -o "Core/Src/main.o"
../Core/Src/main.c: In function 'LCD_Display':
../Core/Src/main.c:198:19: warning: passing argument 1 of 'lcd_send_string' makes pointer from integer without a cast [-Wint-conversion]
  198 |   lcd_send_string(degreeSymbol);
      |                   ^~~~~~~~~~~~
      |                   |
      |                   char
In file included from ../Core/Src/main.c:22:
../Core/Inc/i2c-lcd.h:13:29: note: expected 'char *' but argument is of type 'char'
   13 | void lcd_send_string (char *str);  // send string to the lcd
      |                       ~~~~~~^~~
arm-none-eabi-gcc -o "STM32-DHT11-LCD.elf" @"objects.list"   -mcpu=cortex-m3 -T"D:\tunaOneDrive\OneDrive - Hanoi University of Science and Technology\tunaOneDriveSync\tunaProjects\Mercenary-projects\STM32-DHT11-LCD\STM32-DHT11-LCD\STM32F103C8TX_FLASH.ld" --specs=nosys.specs -Wl,-Map="STM32-DHT11-LCD.map" -Wl,--gc-sections -static --specs=nano.specs -mfloat-abi=soft -mthumb -Wl,--start-group -lc -lm -Wl,--end-group
Finished building target: STM32-DHT11-LCD.elf
 
arm-none-eabi-objdump -h -S  STM32-DHT11-LCD.elf  > "STM32-DHT11-LCD.list"
arm-none-eabi-objcopy  -O binary  STM32-DHT11-LCD.elf  "STM32-DHT11-LCD.bin"
arm-none-eabi-size   STM32-DHT11-LCD.elf 
   text	   data	    bss	    dec	    hex	filename
  12388	    120	   1768	  14276	   37c4	STM32-DHT11-LCD.elf
Finished building: default.size.stdout
 
Finished building: STM32-DHT11-LCD.bin
 
Finished building: STM32-DHT11-LCD.list
 
16:27:25 **** Incremental Build of configuration Debug for project STM32-DHT11-LCD ****
make -j8 all 
arm-none-eabi-gcc "../Core/Src/main.c" -mcpu=cortex-m3 -std=gnu11 -g3 -DDEBUG -DUSE_HAL_DRIVER -DSTM32F103xB -c -I../Core/Inc -I../Drivers/STM32F1xx_HAL_Driver/Inc -I../Drivers/STM32F1xx_HAL_Driver/Inc/Legacy -I../Drivers/CMSIS/Device/ST/STM32F1xx/Include -I../Drivers/CMSIS/Include -O0 -ffunction-sections -fdata-sections -Wall -fstack-usage -MMD -MP -MF"Core/Src/main.d" -MT"Core/Src/main.o" --specs=nano.specs -mfloat-abi=soft -mthumb -o "Core/Src/main.o"
arm-none-eabi-gcc -o "STM32-DHT11-LCD.elf" @"objects.list"   -mcpu=cortex-m3 -T"D:\tunaOneDrive\OneDrive - Hanoi University of Science and Technology\tunaOneDriveSync\tunaProjects\Mercenary-projects\STM32-DHT11-LCD\STM32-DHT11-LCD\STM32F103C8TX_FLASH.ld" --specs=nosys.specs -Wl,-Map="STM32-DHT11-LCD.map" -Wl,--gc-sections -static --specs=nano.specs -mfloat-abi=soft -mthumb -Wl,--start-group -lc -lm -Wl,--end-group
Finished building target: STM32-DHT11-LCD.elf
 
arm-none-eabi-objdump -h -S  STM32-DHT11-LCD.elf  > "STM32-DHT11-LCD.list"
arm-none-eabi-objcopy  -O binary  STM32-DHT11-LCD.elf  "STM32-DHT11-LCD.bin"
arm-none-eabi-size   STM32-DHT11-LCD.elf 
   text	   data	    bss	    dec	    hex	filename
  12392	    120	   1768	  14280	   37c8	STM32-DHT11-LCD.elf
Finished building: default.size.stdout
 
Finished building: STM32-DHT11-LCD.bin
 
Finished building: STM32-DHT11-LCD.list
 
16:27:37 **** Incremental Build of configuration Debug for project STM32-DHT11-LCD ****
make -j8 all 
arm-none-eabi-size   STM32-DHT11-LCD.elf 
   text	   data	    bss	    dec	    hex	filename
  12392	    120	   1768	  14280	   37c8	STM32-DHT11-LCD.elf
Finished building: default.size.stdout
 
16:29:19 **** Incremental Build of configuration Debug for project STM32-DHT11-LCD ****
make -j8 all 
arm-none-eabi-gcc "../Core/Src/main.c" -mcpu=cortex-m3 -std=gnu11 -g3 -DDEBUG -DUSE_HAL_DRIVER -DSTM32F103xB -c -I../Core/Inc -I../Drivers/STM32F1xx_HAL_Driver/Inc -I../Drivers/STM32F1xx_HAL_Driver/Inc/Legacy -I../Drivers/CMSIS/Device/ST/STM32F1xx/Include -I../Drivers/CMSIS/Include -O0 -ffunction-sections -fdata-sections -Wall -fstack-usage -MMD -MP -MF"Core/Src/main.d" -MT"Core/Src/main.o" --specs=nano.specs -mfloat-abi=soft -mthumb -o "Core/Src/main.o"
arm-none-eabi-gcc -o "STM32-DHT11-LCD.elf" @"objects.list"   -mcpu=cortex-m3 -T"D:\tunaOneDrive\OneDrive - Hanoi University of Science and Technology\tunaOneDriveSync\tunaProjects\Mercenary-projects\STM32-DHT11-LCD\STM32-DHT11-LCD\STM32F103C8TX_FLASH.ld" --specs=nosys.specs -Wl,-Map="STM32-DHT11-LCD.map" -Wl,--gc-sections -static --specs=nano.specs -mfloat-abi=soft -mthumb -Wl,--start-group -lc -lm -Wl,--end-group
Finished building target: STM32-DHT11-LCD.elf
 
arm-none-eabi-objdump -h -S  STM32-DHT11-LCD.elf  > "STM32-DHT11-LCD.list"
arm-none-eabi-objcopy  -O binary  STM32-DHT11-LCD.elf  "STM32-DHT11-LCD.bin"
arm-none-eabi-size   STM32-DHT11-LCD.elf 
   text	   data	    bss	    dec	    hex	filename
  12388	    120	   1768	  14276	   37c4	STM32-DHT11-LCD.elf
Finished building: default.size.stdout
 
Finished building: STM32-DHT11-LCD.bin
 
Finished building: STM32-DHT11-LCD.list
 
16:29:32 **** Incremental Build of configuration Debug for project STM32-DHT11-LCD ****
make -j8 all 
arm-none-eabi-size   STM32-DHT11-LCD.elf 
   text	   data	    bss	    dec	    hex	filename
  12388	    120	   1768	  14276	   37c4	STM32-DHT11-LCD.elf
Finished building: default.size.stdout
 
16:33:46 **** Incremental Build of configuration Debug for project STM32-DHT11-LCD ****
make -j8 all 
arm-none-eabi-gcc "../Core/Src/main.c" -mcpu=cortex-m3 -std=gnu11 -g3 -DDEBUG -DUSE_HAL_DRIVER -DSTM32F103xB -c -I../Core/Inc -I../Drivers/STM32F1xx_HAL_Driver/Inc -I../Drivers/STM32F1xx_HAL_Driver/Inc/Legacy -I../Drivers/CMSIS/Device/ST/STM32F1xx/Include -I../Drivers/CMSIS/Include -O0 -ffunction-sections -fdata-sections -Wall -fstack-usage -MMD -MP -MF"Core/Src/main.d" -MT"Core/Src/main.o" --specs=nano.specs -mfloat-abi=soft -mthumb -o "Core/Src/main.o"
../Core/Src/main.c: In function 'LCD_Display':
../Core/Src/main.c:196:19: warning: passing argument 1 of 'lcd_send_string' makes pointer from integer without a cast [-Wint-conversion]
  196 |   lcd_send_string((char)223);
      |                   ^~~~~~~~~
      |                   |
      |                   char
In file included from ../Core/Src/main.c:22:
../Core/Inc/i2c-lcd.h:13:29: note: expected 'char *' but argument is of type 'char'
   13 | void lcd_send_string (char *str);  // send string to the lcd
      |                       ~~~~~~^~~
arm-none-eabi-gcc -o "STM32-DHT11-LCD.elf" @"objects.list"   -mcpu=cortex-m3 -T"D:\tunaOneDrive\OneDrive - Hanoi University of Science and Technology\tunaOneDriveSync\tunaProjects\Mercenary-projects\STM32-DHT11-LCD\STM32-DHT11-LCD\STM32F103C8TX_FLASH.ld" --specs=nosys.specs -Wl,-Map="STM32-DHT11-LCD.map" -Wl,--gc-sections -static --specs=nano.specs -mfloat-abi=soft -mthumb -Wl,--start-group -lc -lm -Wl,--end-group
Finished building target: STM32-DHT11-LCD.elf
 
arm-none-eabi-objdump -h -S  STM32-DHT11-LCD.elf  > "STM32-DHT11-LCD.list"
arm-none-eabi-objcopy  -O binary  STM32-DHT11-LCD.elf  "STM32-DHT11-LCD.bin"
arm-none-eabi-size   STM32-DHT11-LCD.elf 
   text	   data	    bss	    dec	    hex	filename
  12388	    120	   1768	  14276	   37c4	STM32-DHT11-LCD.elf
Finished building: default.size.stdout
 
Finished building: STM32-DHT11-LCD.bin
 
Finished building: STM32-DHT11-LCD.list
 
16:33:56 **** Incremental Build of configuration Debug for project STM32-DHT11-LCD ****
make -j8 all 
arm-none-eabi-size   STM32-DHT11-LCD.elf 
   text	   data	    bss	    dec	    hex	filename
  12388	    120	   1768	  14276	   37c4	STM32-DHT11-LCD.elf
Finished building: default.size.stdout
 
16:35:52 **** Incremental Build of configuration Debug for project STM32-DHT11-LCD ****
make -j8 all 
arm-none-eabi-gcc "../Core/Src/main.c" -mcpu=cortex-m3 -std=gnu11 -g3 -DDEBUG -DUSE_HAL_DRIVER -DSTM32F103xB -c -I../Core/Inc -I../Drivers/STM32F1xx_HAL_Driver/Inc -I../Drivers/STM32F1xx_HAL_Driver/Inc/Legacy -I../Drivers/CMSIS/Device/ST/STM32F1xx/Include -I../Drivers/CMSIS/Include -O0 -ffunction-sections -fdata-sections -Wall -fstack-usage -MMD -MP -MF"Core/Src/main.d" -MT"Core/Src/main.o" --specs=nano.specs -mfloat-abi=soft -mthumb -o "Core/Src/main.o"
arm-none-eabi-gcc -o "STM32-DHT11-LCD.elf" @"objects.list"   -mcpu=cortex-m3 -T"D:\tunaOneDrive\OneDrive - Hanoi University of Science and Technology\tunaOneDriveSync\tunaProjects\Mercenary-projects\STM32-DHT11-LCD\STM32-DHT11-LCD\STM32F103C8TX_FLASH.ld" --specs=nosys.specs -Wl,-Map="STM32-DHT11-LCD.map" -Wl,--gc-sections -static --specs=nano.specs -mfloat-abi=soft -mthumb -Wl,--start-group -lc -lm -Wl,--end-group
Finished building target: STM32-DHT11-LCD.elf
 
arm-none-eabi-objdump -h -S  STM32-DHT11-LCD.elf  > "STM32-DHT11-LCD.list"
arm-none-eabi-objcopy  -O binary  STM32-DHT11-LCD.elf  "STM32-DHT11-LCD.bin"
arm-none-eabi-size   STM32-DHT11-LCD.elf 
   text	   data	    bss	    dec	    hex	filename
  12384	    120	   1768	  14272	   37c0	STM32-DHT11-LCD.elf
Finished building: default.size.stdout
 
Finished building: STM32-DHT11-LCD.bin
 
Finished building: STM32-DHT11-LCD.list
 
16:36:07 **** Incremental Build of configuration Debug for project STM32-DHT11-LCD ****
make -j8 all 
arm-none-eabi-size   STM32-DHT11-LCD.elf 
   text	   data	    bss	    dec	    hex	filename
  12384	    120	   1768	  14272	   37c0	STM32-DHT11-LCD.elf
Finished building: default.size.stdout
 
