main.c:75:13:DHT11_GpioInput	24	static
main.c:90:13:DHT11_GpioOutput	24	static
main.c:111:6:TIM1_DelayUs	16	static
main.c:118:6:DHT11_SendStart	8	static
main.c:128:9:DHT11_CheckRespone	16	static
main.c:149:9:DHT11_ReadByte	16	static
main.c:171:6:DHT11_ReadSensor	8	static
main.c:188:6:LCD_Display	16	static
main.c:210:5:main	8	static
main.c:260:6:SystemClock_Config	72	static
main.c:298:13:MX_I2C1_Init	8	static
main.c:331:13:MX_TIM1_Init	32	static
main.c:376:13:MX_GPIO_Init	40	static
main.c:401:6:Error_Handler	4	static,ignoring_inline_asm
